2025-11-28 21:14:45.799 INFO  [16368] [ModuId:8003] [CServerManager::PrintLog@3197] =======================================GW_PlatformSDK Start Print Log ====================================================

2025-11-28 21:14:45.799 INFO  [16368] [CServerManager::PrintLog@3214] ModuleProxy.dll=D:\VisionMaster4.4.0\Applications\ModuleProxy\x64

2025-11-28 21:14:45.799 INFO  [16368] [ModuId:8003] [CServerManager::SM_Init@111] SM_Init start

2025-11-28 21:14:45.799 INFO  [16368] [ModuId:8003] [CServerManager::InitReadSendBuffer@208] InitReadSendBuffer start

2025-11-28 21:14:45.799 INFO  [16368] [ModuId:8003] [CServerManager::DeInitReadSendBuffer@269] DeInitReadSendBuffer start

2025-11-28 21:14:45.799 INFO  [16368] [ModuId:8003] [CServerManager::DeInitReadSendBuffer@291] DeInitReadSendBuffer end

2025-11-28 21:14:45.800 INFO  [16368] [ModuId:8003] [CServerManager::InitReadSendBuffer@262] InitReadSendBuffer end

2025-11-28 21:14:45.800 INFO  [16368] [ModuId:8003] [CServerManager::SM_Init@126] SDK: InitReadSendBuffer success.

2025-11-28 21:14:45.800 INFO  [16368] [ModuId:8003] [CServerManager::InitCmdReq@737] InitCmdReq start

2025-11-28 21:14:45.800 INFO  [16368] [ModuId:8003] [CServerManager::DeInitCmdReq@823] DeInitCmdReq start

2025-11-28 21:14:45.800 INFO  [16368] [ModuId:8003] [CServerManager::DeInitCmdReq@831] DeInitCmdReq end

2025-11-28 21:14:45.800 INFO  [16368] [ModuId:8003] [CServerManager::InitCmdReq@746] CmdSocketInit CmdReq need create new

2025-11-28 21:14:45.800 INFO  [16368] [ModuId:8003] [CServerManager::InitCmdReq@771] crete new cmd req, addr: tcp://127.0.0.1:10000

2025-11-28 21:14:45.801 INFO  [16368] [ModuId:8003] [CServerManager::InitCmdReq@817] InitCmdReq end

2025-11-28 21:14:45.801 INFO  [16368] [ModuId:8003] [CServerManager::SM_Init@136] SDK: InitReq success.

2025-11-28 21:14:45.801 INFO  [16368] [ModuId:8003] [CServerManager::InitProxySub@512] start

2025-11-28 21:14:45.801 INFO  [16368] [ModuId:8003] [CServerManager::DeInitProxySub@628] DeInitProxySub start

2025-11-28 21:14:45.801 INFO  [16368] [ModuId:8003] [CServerManager::DeInitProxySub@634] DeInitProxySub end

2025-11-28 21:14:45.802 INFO  [16368] [ModuId:8003] [CServerManager::SendAndRecvCommand@1151] Write protocol :[{"head":{"command":1031,"description":"GetPubAddress","type":"request","requestId":1031}}]

2025-11-28 21:14:45.802 INFO  [16368] [ModuId:8003] [CServerManager::SendAndRecvCommand@1215] Read Succeed Response protocol :[{
    "head": {
        "command": 1031,
        "type": "response",
        "responseId": 1031,
        "errorCode": 0,
        "errorDesc": "ok"
    },
    "body": {
        "pubAddress": "tcp://0.0.0.0:10001"
    }
}]

2025-11-28 21:14:45.803 INFO  [16368] [ModuId:8003] [CServerManager::InitProxySub@553] crete new proxy sub, addr: tcp://127.0.0.1:10001

2025-11-28 21:14:45.803 INFO  [16368] [ModuId:8003] [CServerManager::InitProxySub@617] end

2025-11-28 21:14:45.803 INFO  [16368] [ModuId:8003] [CServerManager::SM_Init@146] SDK: InitProxySub success.

2025-11-28 21:14:45.803 INFO  [16368] [ModuId:8003] [CServerManager::SM_Init@154] SDK: StartSub success.

2025-11-28 21:14:45.803 INFO  [16368] [ModuId:8003] [CServerManager::SM_Init@164] SM_Init end

2025-11-28 21:14:45.804 INFO  [15012] [ModuId:8003] [CServerManager::SubThreadProcess@445] SubThreadProcess start

2025-11-28 21:14:45.804 INFO  [16368] [ModuId:8003] [CServerManager::SM_SetResultCallback@3038] SM_SetResultCallback Start.

2025-11-28 21:14:45.918 INFO  [16368] [ModuId:8003] [CServerManager::SM_GetAllModules@2771] SM_GetAllModules Start.

2025-11-28 21:14:45.919 INFO  [16368] [ModuId:8003] [CServerManager::SendAndRecvCommand@1151] Write protocol :[{"head":{"command":2011,"description":"GetAllModules","type":"request","requestId":2011},"body":{"arraySize":0}}]

2025-11-28 21:14:45.919 INFO  [16368] [ModuId:8003] [CServerManager::SendAndRecvCommand@1215] Read Succeed Response protocol :[{
    "head": {
        "command": 2011,
        "type": "response",
        "responseId": 2011,
        "errorCode": -536870894,
        "errorDesc": "fail"
    },
    "body": {
        "realNum": 1,
        "modulesInfoList": []
    }
}]

2025-11-28 21:14:45.919 ERROR [16368] [ModuId:8003] [CServerManager::SendAndRecvCommand@1226] HKR_COMM_Read recv errorCode != 0 : cmd[2011] errorCode[e0000012].

2025-11-28 21:14:45.921 INFO  [16368] [ModuId:8003] [CServerManager::SM_GetAllModules@2771] SM_GetAllModules Start.

2025-11-28 21:14:45.921 INFO  [16368] [ModuId:8003] [CServerManager::SendAndRecvCommand@1151] Write protocol :[{"head":{"command":2011,"description":"GetAllModules","type":"request","requestId":2011},"body":{"arraySize":1}}]

2025-11-28 21:14:45.921 INFO  [16368] [ModuId:8003] [CServerManager::SendAndRecvCommand@1215] Read Succeed Response protocol :[{
    "head": {
        "command": 2011,
        "type": "response",
        "responseId": 2011,
        "errorCode": 0,
        "errorDesc": "ok"
    },
    "body": {
        "realNum": 1,
        "modulesInfoList": [
            {
                "moduleId": 1,
                "moduleName": "SerialModule",
                "displayName": "‰∏≤Âè£",
                "guid": "uú©áŒπå@ΩäKRª\u0016¯\u001DHK"
            }
        ]
    }
}]

2025-11-28 21:14:45.921 INFO  [16368] [ModuId:8003] [CServerManager::SM_GetAllModules@2795] SM_GetAllModules End: realNum: [1]

2025-11-28 21:14:45.922 INFO  [16368] [ModuId:8003] [CServerManager::SM_GetAllParam@1583] SM_GetAllParam Start.

2025-11-28 21:14:45.923 INFO  [16368] [ModuId:8003] [CServerManager::SendAndRecvCommand@1151] Write protocol :[{"head":{"command":1009,"description":"GetModuleAllParam","type":"request","requestId":1009},"body":{"moduleId":1,"addressId":-1}}]

2025-11-28 21:14:45.923 INFO  [16368] [ModuId:8003] [CServerManager::SendAndRecvCommand@1215] Read Succeed Response protocol :[{
    "head": {
        "command": 1009,
        "type": "response",
        "responseId": 1009,
        "errorCode": 0,
        "errorDesc": "ok"
    },
    "body": {
        "paramNum": 12,
        "paramList": [
            {
                "index": 0,
                "name": "ReConnectState",
                "value": "true"
            },
            {
                "index": 1,
                "name": "Upload",
                "value": "true"
            },
            {
                "index": 2,
                "name": "ComPort",
                "value": "COM1"
            },
            {
                "index": 3,
                "name": "Baudrate",
                "value": "19200"
            },
            {
                "index": 4,
                "name": "DataBits",
                "value": "8"
            },
            {
                "index": 5,
                "name": "Parity",
                

2025-11-28 21:14:45.923 INFO  [16368] [ModuId:8003] [CServerManager::SM_GetAllParam@1595] SM_GetAllParam End: ModuleID: [1]

2025-11-28 21:14:46.105 INFO  [16368] [ModuId:8003] [CServerManager::SM_GetSerialList@3112] SM_GetSerialList Start.

2025-11-28 21:14:46.105 INFO  [16368] [ModuId:8003] [CServerManager::SendAndRecvCommand@1151] Write protocol :[{"head":{"command":4003,"description":"GetSerialList","type":"request","requestId":4003},"body":{}}]

2025-11-28 21:14:46.105 INFO  [16368] [ModuId:8003] [CServerManager::SendAndRecvCommand@1215] Read Succeed Response protocol :[{
    "head": {
        "command": 4003,
        "type": "response",
        "responseId": 4003,
        "errorCode": 0,
        "errorDesc": "ok"
    },
    "body": {
        "serialList": "COM1\tCOM2\tCOM3\tCOM4\tCOM5\tCOM6"
    }
}]

2025-11-28 21:14:46.105 INFO  [16368] [ModuId:8003] [CServerManager::SM_GetSerialList@3124] SM_GetSerialList End: [COM1	COM2	COM3	COM4	COM5	COM6]

2025-11-28 21:14:46.150 INFO  [16368] [ModuId:8003] [CServerManager::SM_SetModuleParam@1530] SM_SetModuleParam Start.

2025-11-28 21:14:46.150 INFO  [16368] [ModuId:8003] [CServerManager::SendAndRecvCommand@1151] Write protocol :[{"head":{"command":1007,"description":"SetModuleParam","type":"request","requestId":1007},"body":{"moduleId":1,"addressId":-1,"paramNum":1,"paramList":[{"index":0,"name":"ReConnectState","value":"true"}]}}]

2025-11-28 21:14:46.151 INFO  [16368] [ModuId:8003] [CServerManager::SendAndRecvCommand@1215] Read Succeed Response protocol :[{
    "head": {
        "command": 1007,
        "type": "response",
        "responseId": 1007,
        "errorCode": 0,
        "errorDesc": "ok"
    }
}]

2025-11-28 21:14:46.151 INFO  [16368] [ModuId:8003] [CServerManager::SM_SetModuleParam@1539] SM_SetModuleParam End

2025-11-28 21:14:46.151 INFO  [16368] [ModuId:8003] [CServerManager::SM_SetModuleParam@1530] SM_SetModuleParam Start.

2025-11-28 21:14:46.151 INFO  [16368] [ModuId:8003] [CServerManager::SendAndRecvCommand@1151] Write protocol :[{"head":{"command":1007,"description":"SetModuleParam","type":"request","requestId":1007},"body":{"moduleId":1,"addressId":-1,"paramNum":1,"paramList":[{"index":0,"name":"Upload","value":"true"}]}}]

2025-11-28 21:14:46.153 INFO  [16368] [ModuId:8003] [CServerManager::SendAndRecvCommand@1215] Read Succeed Response protocol :[{
    "head": {
        "command": 1007,
        "type": "response",
        "responseId": 1007,
        "errorCode": 0,
        "errorDesc": "ok"
    }
}]

2025-11-28 21:14:46.153 INFO  [16368] [ModuId:8003] [CServerManager::SM_SetModuleParam@1539] SM_SetModuleParam End

2025-11-28 21:14:46.153 INFO  [16368] [ModuId:8003] [CServerManager::SM_SetModuleParam@1530] SM_SetModuleParam Start.

2025-11-28 21:14:46.153 INFO  [16368] [ModuId:8003] [CServerManager::SendAndRecvCommand@1151] Write protocol :[{"head":{"command":1007,"description":"SetModuleParam","type":"request","requestId":1007},"body":{"moduleId":1,"addressId":-1,"paramNum":1,"paramList":[{"index":0,"name":"ComPort","value":"COM1"}]}}]

2025-11-28 21:14:46.155 INFO  [16368] [ModuId:8003] [CServerManager::SendAndRecvCommand@1215] Read Succeed Response protocol :[{
    "head": {
        "command": 1007,
        "type": "response",
        "responseId": 1007,
        "errorCode": 0,
        "errorDesc": "ok"
    }
}]

2025-11-28 21:14:46.155 INFO  [16368] [ModuId:8003] [CServerManager::SM_SetModuleParam@1539] SM_SetModuleParam End

2025-11-28 21:14:46.155 INFO  [16368] [ModuId:8003] [CServerManager::SM_SetModuleParam@1530] SM_SetModuleParam Start.

2025-11-28 21:14:46.155 INFO  [16368] [ModuId:8003] [CServerManager::SendAndRecvCommand@1151] Write protocol :[{"head":{"command":1007,"description":"SetModuleParam","type":"request","requestId":1007},"body":{"moduleId":1,"addressId":-1,"paramNum":1,"paramList":[{"index":0,"name":"Baudrate","value":"19200"}]}}]

2025-11-28 21:14:46.157 INFO  [16368] [ModuId:8003] [CServerManager::SendAndRecvCommand@1215] Read Succeed Response protocol :[{
    "head": {
        "command": 1007,
        "type": "response",
        "responseId": 1007,
        "errorCode": 0,
        "errorDesc": "ok"
    }
}]

2025-11-28 21:14:46.157 INFO  [16368] [ModuId:8003] [CServerManager::SM_SetModuleParam@1539] SM_SetModuleParam End

2025-11-28 21:14:46.157 INFO  [16368] [ModuId:8003] [CServerManager::SM_SetModuleParam@1530] SM_SetModuleParam Start.

2025-11-28 21:14:46.157 INFO  [16368] [ModuId:8003] [CServerManager::SendAndRecvCommand@1151] Write protocol :[{"head":{"command":1007,"description":"SetModuleParam","type":"request","requestId":1007},"body":{"moduleId":1,"addressId":-1,"paramNum":1,"paramList":[{"index":0,"name":"DataBits","value":"8"}]}}]

2025-11-28 21:14:46.159 INFO  [16368] [ModuId:8003] [CServerManager::SendAndRecvCommand@1215] Read Succeed Response protocol :[{
    "head": {
        "command": 1007,
        "type": "response",
        "responseId": 1007,
        "errorCode": 0,
        "errorDesc": "ok"
    }
}]

2025-11-28 21:14:46.159 INFO  [16368] [ModuId:8003] [CServerManager::SM_SetModuleParam@1539] SM_SetModuleParam End

2025-11-28 21:14:46.159 INFO  [16368] [ModuId:8003] [CServerManager::SM_SetModuleParam@1530] SM_SetModuleParam Start.

2025-11-28 21:14:46.159 INFO  [16368] [ModuId:8003] [CServerManager::SendAndRecvCommand@1151] Write protocol :[{"head":{"command":1007,"description":"SetModuleParam","type":"request","requestId":1007},"body":{"moduleId":1,"addressId":-1,"paramNum":1,"paramList":[{"index":0,"name":"Parity","value":"0"}]}}]

2025-11-28 21:14:46.161 INFO  [16368] [ModuId:8003] [CServerManager::SendAndRecvCommand@1215] Read Succeed Response protocol :[{
    "head": {
        "command": 1007,
        "type": "response",
        "responseId": 1007,
        "errorCode": 0,
        "errorDesc": "ok"
    }
}]

2025-11-28 21:14:46.161 INFO  [16368] [ModuId:8003] [CServerManager::SM_SetModuleParam@1539] SM_SetModuleParam End

2025-11-28 21:14:46.161 INFO  [16368] [ModuId:8003] [CServerManager::SM_SetModuleParam@1530] SM_SetModuleParam Start.

2025-11-28 21:14:46.161 INFO  [16368] [ModuId:8003] [CServerManager::SendAndRecvCommand@1151] Write protocol :[{"head":{"command":1007,"description":"SetModuleParam","type":"request","requestId":1007},"body":{"moduleId":1,"addressId":-1,"paramNum":1,"paramList":[{"index":0,"name":"StopBits","value":"0"}]}}]

2025-11-28 21:14:46.163 INFO  [16368] [ModuId:8003] [CServerManager::SendAndRecvCommand@1215] Read Succeed Response protocol :[{
    "head": {
        "command": 1007,
        "type": "response",
        "responseId": 1007,
        "errorCode": 0,
        "errorDesc": "ok"
    }
}]

2025-11-28 21:14:46.163 INFO  [16368] [ModuId:8003] [CServerManager::SM_SetModuleParam@1539] SM_SetModuleParam End

2025-11-28 21:14:46.163 INFO  [16368] [ModuId:8003] [CServerManager::SM_SetModuleParam@1530] SM_SetModuleParam Start.

2025-11-28 21:14:46.164 INFO  [16368] [ModuId:8003] [CServerManager::SendAndRecvCommand@1151] Write protocol :[{"head":{"command":1007,"description":"SetModuleParam","type":"request","requestId":1007},"body":{"moduleId":1,"addressId":-1,"paramNum":1,"paramList":[{"index":0,"name":"ReadIntervalTimeout","value":"10"}]}}]

2025-11-28 21:14:46.165 INFO  [16368] [ModuId:8003] [CServerManager::SendAndRecvCommand@1215] Read Succeed Response protocol :[{
    "head": {
        "command": 1007,
        "type": "response",
        "responseId": 1007,
        "errorCode": 0,
        "errorDesc": "ok"
    }
}]

2025-11-28 21:14:46.165 INFO  [16368] [ModuId:8003] [CServerManager::SM_SetModuleParam@1539] SM_SetModuleParam End

2025-11-28 21:14:46.169 INFO  [16368] [ModuId:8003] [CServerManager::SM_SetModuleParam@1530] SM_SetModuleParam Start.

2025-11-28 21:14:46.169 INFO  [16368] [ModuId:8003] [CServerManager::SendAndRecvCommand@1151] Write protocol :[{"head":{"command":1007,"description":"SetModuleParam","type":"request","requestId":1007},"body":{"moduleId":1,"addressId":-1,"paramNum":1,"paramList":[{"index":0,"name":"EndCodeEnable","value":"false"}]}}]

2025-11-28 21:14:46.169 INFO  [16368] [ModuId:8003] [CServerManager::SendAndRecvCommand@1215] Read Succeed Response protocol :[{
    "head": {
        "command": 1007,
        "type": "response",
        "responseId": 1007,
        "errorCode": 0,
        "errorDesc": "ok"
    }
}]

2025-11-28 21:14:46.169 INFO  [16368] [ModuId:8003] [CServerManager::SM_SetModuleParam@1539] SM_SetModuleParam End

2025-11-28 21:14:46.171 INFO  [16368] [ModuId:8003] [CServerManager::SM_GetModuleParam@1556] SM_GetModuleParam Start.

2025-11-28 21:14:46.171 INFO  [16368] [ModuId:8003] [CServerManager::SendAndRecvCommand@1151] Write protocol :[{"head":{"command":1008,"description":"GetModuleParam","type":"request","requestId":1008},"body":{"moduleId":1,"addressId":-1,"paramNum":1,"paramList":[{"index":0,"name":"HeadAddress"}]}}]

2025-11-28 21:14:46.171 INFO  [16368] [ModuId:8003] [CServerManager::SendAndRecvCommand@1215] Read Succeed Response protocol :[{
    "head": {
        "command": 1008,
        "type": "response",
        "responseId": 1008,
        "errorCode": -536870131,
        "errorDesc": "fail"
    },
    "body": {
        "paramNum": 0,
        "paramList": []
    }
}]

2025-11-28 21:14:46.171 ERROR [16368] [ModuId:8003] [CServerManager::SendAndRecvCommand@1226] HKR_COMM_Read recv errorCode != 0 : cmd[1008] errorCode[e000030d].

2025-11-28 21:14:46.171 ERROR [16368] [ModuId:8003] [CModuleJson::ParseGetModuleParam@368] SDK: ParseGetModuleParam iPaNum is not 0.

2025-11-28 21:14:46.171 WARN  [16368] [ModuId:8003] [CModuleJson::ParseGetModuleParam@409] catch... nRet = [e0000007]

2025-11-28 21:14:46.171 INFO  [16368] [ModuId:8003] [CServerManager::SM_GetModuleParam@1568] SM_GetModuleParam End: ModuleID: [1]

2025-11-28 21:14:46.171 INFO  [16368] [ModuId:8003] [CServerManager::SM_GetModuleParam@1556] SM_GetModuleParam Start.

2025-11-28 21:14:46.172 INFO  [16368] [ModuId:8003] [CServerManager::SendAndRecvCommand@1151] Write protocol :[{"head":{"command":1008,"description":"GetModuleParam","type":"request","requestId":1008},"body":{"moduleId":1,"addressId":-1,"paramNum":1,"paramList":[{"index":0,"name":"RegisterNum"}]}}]

2025-11-28 21:14:46.173 INFO  [16368] [ModuId:8003] [CServerManager::SendAndRecvCommand@1215] Read Succeed Response protocol :[{
    "head": {
        "command": 1008,
        "type": "response",
        "responseId": 1008,
        "errorCode": -536870131,
        "errorDesc": "fail"
    },
    "body": {
        "paramNum": 0,
        "paramList": []
    }
}]

2025-11-28 21:14:46.173 ERROR [16368] [ModuId:8003] [CServerManager::SendAndRecvCommand@1226] HKR_COMM_Read recv errorCode != 0 : cmd[1008] errorCode[e000030d].

2025-11-28 21:14:46.173 ERROR [16368] [ModuId:8003] [CModuleJson::ParseGetModuleParam@368] SDK: ParseGetModuleParam iPaNum is not 0.

2025-11-28 21:14:46.173 WARN  [16368] [ModuId:8003] [CModuleJson::ParseGetModuleParam@409] catch... nRet = [e0000007]

2025-11-28 21:14:46.173 INFO  [16368] [ModuId:8003] [CServerManager::SM_GetModuleParam@1568] SM_GetModuleParam End: ModuleID: [1]

2025-11-28 21:14:46.174 INFO  [16368] [ModuId:8003] [CServerManager::SM_GetEventId@2871] SM_GetEventId Start.

2025-11-28 21:14:46.174 INFO  [16368] [ModuId:8003] [CServerManager::SendAndRecvCommand@1151] Write protocol :[{"head":{"command":2018,"description":"GetEventId","type":"request","requestId":2018},"body":{"eventType":2}}]

2025-11-28 21:14:46.175 INFO  [16368] [ModuId:8003] [CServerManager::SendAndRecvCommand@1215] Read Succeed Response protocol :[{
    "head": {
        "command": 2018,
        "type": "response",
        "responseId": 2018,
        "errorCode": 0,
        "errorDesc": "ok"
    },
    "body": {
        "num": 0,
        "IdList": []
    }
}]

2025-11-28 21:14:46.175 ERROR [16368] [ModuId:8003] [CModuleJson::ParseGetEventId@3340] SDK: ParseGetModuleParam iPaNum is not 0.

2025-11-28 21:14:46.175 WARN  [16368] [ModuId:8003] [CModuleJson::ParseGetEventId@3371] catch... nRet = [e0000007]

2025-11-28 21:14:46.175 INFO  [16368] [ModuId:8003] [CServerManager::SM_GetEventId@2883] SM_GetEventId End: EventType: [2]

2025-11-28 21:14:46.175 INFO  [16368] [ModuId:8003] [CServerManager::SM_GetEventId@2871] SM_GetEventId Start.

2025-11-28 21:14:46.175 INFO  [16368] [ModuId:8003] [CServerManager::SendAndRecvCommand@1151] Write protocol :[{"head":{"command":2018,"description":"GetEventId","type":"request","requestId":2018},"body":{"eventType":3}}]

2025-11-28 21:14:46.177 INFO  [16368] [ModuId:8003] [CServerManager::SendAndRecvCommand@1215] Read Succeed Response protocol :[{
    "head": {
        "command": 2018,
        "type": "response",
        "responseId": 2018,
        "errorCode": 0,
        "errorDesc": "ok"
    },
    "body": {
        "num": 0,
        "IdList": []
    }
}]

2025-11-28 21:14:46.177 ERROR [16368] [ModuId:8003] [CModuleJson::ParseGetEventId@3340] SDK: ParseGetModuleParam iPaNum is not 0.

2025-11-28 21:14:46.177 WARN  [16368] [ModuId:8003] [CModuleJson::ParseGetEventId@3371] catch... nRet = [e0000007]

2025-11-28 21:14:46.177 INFO  [16368] [ModuId:8003] [CServerManager::SM_GetEventId@2883] SM_GetEventId End: EventType: [3]

2025-11-28 21:14:46.177 INFO  [16368] [ModuId:8003] [CServerManager::SM_GetEventId@2871] SM_GetEventId Start.

2025-11-28 21:14:46.177 INFO  [16368] [ModuId:8003] [CServerManager::SendAndRecvCommand@1151] Write protocol :[{"head":{"command":2018,"description":"GetEventId","type":"request","requestId":2018},"body":{"eventType":4}}]

2025-11-28 21:14:46.179 INFO  [16368] [ModuId:8003] [CServerManager::SendAndRecvCommand@1215] Read Succeed Response protocol :[{
    "head": {
        "command": 2018,
        "type": "response",
        "responseId": 2018,
        "errorCode": 0,
        "errorDesc": "ok"
    },
    "body": {
        "num": 0,
        "IdList": []
    }
}]

2025-11-28 21:14:46.179 ERROR [16368] [ModuId:8003] [CModuleJson::ParseGetEventId@3340] SDK: ParseGetModuleParam iPaNum is not 0.

2025-11-28 21:14:46.179 WARN  [16368] [ModuId:8003] [CModuleJson::ParseGetEventId@3371] catch... nRet = [e0000007]

2025-11-28 21:14:46.179 INFO  [16368] [ModuId:8003] [CServerManager::SM_GetEventId@2883] SM_GetEventId End: EventType: [4]

2025-11-28 21:14:46.180 INFO  [16368] [ModuId:8003] [CServerManager::SM_SetModuleParam@1530] SM_SetModuleParam Start.

2025-11-28 21:14:46.180 INFO  [16368] [ModuId:8003] [CServerManager::SendAndRecvCommand@1151] Write protocol :[{"head":{"command":1007,"description":"SetModuleParam","type":"request","requestId":1007},"body":{"moduleId":1,"addressId":-1,"paramNum":1,"paramList":[{"index":0,"name":"RefreshClientInfo","value":"1"}]}}]

2025-11-28 21:14:46.181 INFO  [16368] [ModuId:8003] [CServerManager::SendAndRecvCommand@1215] Read Succeed Response protocol :[{
    "head": {
        "command": 1007,
        "type": "response",
        "responseId": 1007,
        "errorCode": -536870905,
        "errorDesc": "fail"
    }
}]

2025-11-28 21:14:46.181 ERROR [16368] [ModuId:8003] [CServerManager::SendAndRecvCommand@1226] HKR_COMM_Read recv errorCode != 0 : cmd[1007] errorCode[e0000007].

2025-11-28 21:14:46.181 INFO  [16368] [ModuId:8003] [CServerManager::SM_SetModuleParam@1539] SM_SetModuleParam End

2025-11-28 21:15:06.807 INFO  [16368] [ModuId:8003] [CServerManager::SM_WriteString@2587] SM_WriteString Start.

2025-11-28 21:15:06.807 INFO  [16368] [ModuId:8003] [CServerManager::SendAndRecvCommand@1151] Write protocol :[{"head":{"command":2006,"description":"WriteString","type":"request","requestId":2006},"body":{"moduleId":1,"addressId":-1,"stringContent":"SA0255#"}}]

2025-11-28 21:15:06.807 INFO  [16368] [ModuId:8003] [CServerManager::SendAndRecvCommand@1215] Read Succeed Response protocol :[{
    "head": {
        "command": 2006,
        "type": "response",
        "responseId": 2006,
        "errorCode": 0,
        "errorDesc": "ok"
    }
}]

2025-11-28 21:15:06.807 INFO  [16368] [ModuId:8003] [CServerManager::SM_WriteString@2603] SM_WriteString End: ModuleId: [1], AddressId: [4294967295]

