2025-10-30 10:12:17.124 INFO  [16136] [PCIE_MQ_Init@212] ----------------------PCIE MQ Successful Initialization----------------------

2025-10-30 10:12:17.124 ERROR [16136] [CCommFactory::InitDevice@58] enum devs failed, nDevNum[0] nRet[0] 

2025-10-30 10:13:12.767 INFO  [5284] [PCIE_MQ_Fini@227] ----------------------PCIE MQ PCIE_MQ_Fini begin----------------------

2025-10-30 10:13:12.767 INFO  [5284] [CCommFactory::CloseDevHandle@147] close dev handle succ.

2025-10-30 10:13:12.767 INFO  [18036] [CCommFactory::DoCheckLogLevelThread@379] check log level thread exit.

2025-10-30 10:13:19.049 INFO  [13348] [PCIE_MQ_Init@212] ----------------------PCIE MQ Successful Initialization----------------------

2025-10-30 10:13:19.053 ERROR [13348] [CCommFactory::InitDevice@58] enum devs failed, nDevNum[0] nRet[0] 

2025-10-30 10:16:06.700 INFO  [10512] [PCIE_MQ_Fini@227] ----------------------PCIE MQ PCIE_MQ_Fini begin----------------------

2025-10-30 10:16:06.700 INFO  [10512] [CCommFactory::CloseDevHandle@147] close dev handle succ.

2025-10-30 10:16:06.700 INFO  [7736] [CCommFactory::DoCheckLogLevelThread@379] check log level thread exit.

2025-10-30 10:30:18.918 INFO  [20124] [PCIE_MQ_Init@212] ----------------------PCIE MQ Successful Initialization----------------------

2025-10-30 10:30:18.934 ERROR [20124] [CCommFactory::InitDevice@58] enum devs failed, nDevNum[0] nRet[0] 

2025-10-30 11:57:59.849 INFO  [13400] [PCIE_MQ_Init@212] ----------------------PCIE MQ Successful Initialization----------------------

2025-10-30 11:57:59.850 ERROR [13400] [CCommFactory::InitDevice@58] enum devs failed, nDevNum[0] nRet[0] 

2025-10-30 13:52:41.263 INFO  [17616] [PCIE_MQ_Fini@227] ----------------------PCIE MQ PCIE_MQ_Fini begin----------------------

2025-10-30 13:52:41.263 INFO  [17616] [CCommFactory::CloseDevHandle@147] close dev handle succ.

2025-10-30 13:52:41.263 INFO  [8608] [CCommFactory::DoCheckLogLevelThread@379] check log level thread exit.

2025-10-30 13:53:36.980 INFO  [15124] [PCIE_MQ_Init@212] ----------------------PCIE MQ Successful Initialization----------------------

2025-10-30 13:53:36.980 ERROR [15124] [CCommFactory::InitDevice@58] enum devs failed, nDevNum[0] nRet[0] 

2025-10-30 14:14:14.959 INFO  [7300] [PCIE_MQ_Fini@227] ----------------------PCIE MQ PCIE_MQ_Fini begin----------------------

2025-10-30 14:14:14.959 INFO  [7300] [CCommFactory::CloseDevHandle@147] close dev handle succ.

2025-10-30 14:14:14.959 INFO  [18712] [CCommFactory::DoCheckLogLevelThread@379] check log level thread exit.

2025-10-30 14:14:29.787 INFO  [4236] [PCIE_MQ_Init@212] ----------------------PCIE MQ Successful Initialization----------------------

2025-10-30 14:14:29.787 ERROR [4236] [CCommFactory::InitDevice@58] enum devs failed, nDevNum[0] nRet[0] 

2025-10-30 15:04:28.219 INFO  [22020] [PCIE_MQ_Init@212] ----------------------PCIE MQ Successful Initialization----------------------

2025-10-30 15:04:28.220 ERROR [22020] [CCommFactory::InitDevice@58] enum devs failed, nDevNum[0] nRet[0] 

2025-10-31 09:08:54.073 INFO  [10348] [PCIE_MQ_Fini@227] ----------------------PCIE MQ PCIE_MQ_Fini begin----------------------

2025-10-31 09:08:54.073 INFO  [10348] [CCommFactory::CloseDevHandle@147] close dev handle succ.

2025-10-31 09:08:54.073 INFO  [17160] [CCommFactory::DoCheckLogLevelThread@379] check log level thread exit.

2025-10-31 09:08:54.267 INFO  [13408] [PCIE_MQ_Init@212] ----------------------PCIE MQ Successful Initialization----------------------

2025-10-31 09:08:54.267 ERROR [13408] [CCommFactory::InitDevice@58] enum devs failed, nDevNum[0] nRet[0] 

2025-10-31 09:26:30.528 INFO  [10960] [PCIE_MQ_Init@212] ----------------------PCIE MQ Successful Initialization----------------------

2025-10-31 09:26:30.529 ERROR [10960] [CCommFactory::InitDevice@58] enum devs failed, nDevNum[0] nRet[0] 

2025-10-31 09:48:59.934 INFO  [6708] [PCIE_MQ_Init@212] ----------------------PCIE MQ Successful Initialization----------------------

2025-10-31 09:48:59.934 ERROR [6708] [CCommFactory::InitDevice@58] enum devs failed, nDevNum[0] nRet[0] 

2025-10-31 10:00:47.428 INFO  [17212] [PCIE_MQ_Init@212] ----------------------PCIE MQ Successful Initialization----------------------

2025-10-31 10:00:47.429 ERROR [17212] [CCommFactory::InitDevice@58] enum devs failed, nDevNum[0] nRet[0] 

2025-11-18 19:28:05.121 INFO  [12528] [PCIE_MQ_Init@212] ----------------------PCIE MQ Successful Initialization----------------------

2025-11-18 19:28:05.121 ERROR [12528] [CCommFactory::InitDevice@58] enum devs failed, nDevNum[0] nRet[0] 

2025-11-18 19:38:55.913 INFO  [15312] [PCIE_MQ_Init@212] ----------------------PCIE MQ Successful Initialization----------------------

2025-11-18 19:38:55.917 ERROR [15312] [CCommFactory::InitDevice@58] enum devs failed, nDevNum[0] nRet[0] 

2025-11-18 19:54:26.127 INFO  [14348] [PCIE_MQ_Fini@227] ----------------------PCIE MQ PCIE_MQ_Fini begin----------------------

2025-11-18 19:54:26.127 INFO  [14348] [CCommFactory::CloseDevHandle@147] close dev handle succ.

2025-11-18 19:54:26.127 INFO  [8684] [CCommFactory::DoCheckLogLevelThread@379] check log level thread exit.

2025-11-18 19:54:52.124 INFO  [2740] [PCIE_MQ_Init@212] ----------------------PCIE MQ Successful Initialization----------------------

2025-11-18 19:54:52.137 ERROR [2740] [CCommFactory::InitDevice@58] enum devs failed, nDevNum[0] nRet[0] 

2025-11-18 20:08:15.456 INFO  [13804] [PCIE_MQ_Init@212] ----------------------PCIE MQ Successful Initialization----------------------

2025-11-18 20:08:15.457 ERROR [13804] [CCommFactory::InitDevice@58] enum devs failed, nDevNum[0] nRet[0] 

2025-11-18 20:16:43.090 INFO  [14984] [PCIE_MQ_Fini@227] ----------------------PCIE MQ PCIE_MQ_Fini begin----------------------

2025-11-18 20:16:43.090 INFO  [14984] [CCommFactory::CloseDevHandle@147] close dev handle succ.

2025-11-18 20:16:43.090 INFO  [15676] [CCommFactory::DoCheckLogLevelThread@379] check log level thread exit.

2025-11-18 20:17:17.198 INFO  [10764] [PCIE_MQ_Init@212] ----------------------PCIE MQ Successful Initialization----------------------

2025-11-18 20:17:17.198 ERROR [10764] [CCommFactory::InitDevice@58] enum devs failed, nDevNum[0] nRet[0] 

2025-11-18 20:24:36.696 INFO  [15160] [PCIE_MQ_Init@212] ----------------------PCIE MQ Successful Initialization----------------------

2025-11-18 20:24:36.705 ERROR [15160] [CCommFactory::InitDevice@58] enum devs failed, nDevNum[0] nRet[0] 

2025-11-18 20:38:32.332 INFO  [13976] [PCIE_MQ_Init@212] ----------------------PCIE MQ Successful Initialization----------------------

2025-11-18 20:38:32.345 ERROR [13976] [CCommFactory::InitDevice@58] enum devs failed, nDevNum[0] nRet[0] 

2025-11-19 14:02:33.544 INFO  [9860] [PCIE_MQ_Init@212] ----------------------PCIE MQ Successful Initialization----------------------

2025-11-19 14:02:33.560 ERROR [9860] [CCommFactory::InitDevice@58] enum devs failed, nDevNum[0] nRet[0] 

2025-11-19 14:47:54.762 INFO  [12028] [PCIE_MQ_Init@212] ----------------------PCIE MQ Successful Initialization----------------------

2025-11-19 14:47:54.778 ERROR [12028] [CCommFactory::InitDevice@58] enum devs failed, nDevNum[0] nRet[0] 

2025-11-20 10:58:39.327 INFO  [11348] [PCIE_MQ_Init@212] ----------------------PCIE MQ Successful Initialization----------------------

2025-11-20 10:58:39.343 ERROR [11348] [CCommFactory::InitDevice@58] enum devs failed, nDevNum[0] nRet[0] 

2025-11-21 20:34:26.803 INFO  [11356] [PCIE_MQ_Init@212] ----------------------PCIE MQ Successful Initialization----------------------

2025-11-21 20:34:26.834 ERROR [11356] [CCommFactory::InitDevice@58] enum devs failed, nDevNum[0] nRet[0] 

2025-11-27 18:42:23.624 INFO  [1496] [PCIE_MQ_Init@212] ----------------------PCIE MQ Successful Initialization----------------------

2025-11-27 18:42:23.655 ERROR [1496] [CCommFactory::InitDevice@58] enum devs failed, nDevNum[0] nRet[0] 

2025-11-28 14:13:58.735 INFO  [10260] [PCIE_MQ_Fini@227] ----------------------PCIE MQ PCIE_MQ_Fini begin----------------------

2025-11-28 14:13:58.735 INFO  [10260] [CCommFactory::CloseDevHandle@147] close dev handle succ.

2025-11-28 14:13:58.735 INFO  [3568] [CCommFactory::DoCheckLogLevelThread@379] check log level thread exit.

2025-11-28 18:45:07.021 INFO  [2584] [PCIE_MQ_Init@212] ----------------------PCIE MQ Successful Initialization----------------------

2025-11-28 18:45:07.021 ERROR [2584] [CCommFactory::InitDevice@58] enum devs failed, nDevNum[0] nRet[0] 

2025-11-28 18:45:42.666 INFO  [2180] [PCIE_MQ_Fini@227] ----------------------PCIE MQ PCIE_MQ_Fini begin----------------------

2025-11-28 18:45:42.666 INFO  [2180] [CCommFactory::CloseDevHandle@147] close dev handle succ.

2025-11-28 18:45:42.666 INFO  [6724] [CCommFactory::DoCheckLogLevelThread@379] check log level thread exit.

2025-11-28 20:53:19.703 INFO  [14300] [PCIE_MQ_Init@212] ----------------------PCIE MQ Successful Initialization----------------------

2025-11-28 20:53:19.704 ERROR [14300] [CCommFactory::InitDevice@58] enum devs failed, nDevNum[0] nRet[0] 

2025-11-28 20:55:06.552 INFO  [6628] [PCIE_MQ_Fini@227] ----------------------PCIE MQ PCIE_MQ_Fini begin----------------------

2025-11-28 20:55:06.552 INFO  [6628] [CCommFactory::CloseDevHandle@147] close dev handle succ.

2025-11-28 20:55:06.552 INFO  [15028] [CCommFactory::DoCheckLogLevelThread@379] check log level thread exit.

2025-11-28 20:55:18.930 INFO  [14040] [PCIE_MQ_Init@212] ----------------------PCIE MQ Successful Initialization----------------------

2025-11-28 20:55:18.930 ERROR [14040] [CCommFactory::InitDevice@58] enum devs failed, nDevNum[0] nRet[0] 

2025-11-28 20:59:01.372 INFO  [4876] [PCIE_MQ_Init@212] ----------------------PCIE MQ Successful Initialization----------------------

2025-11-28 20:59:01.374 ERROR [4876] [CCommFactory::InitDevice@58] enum devs failed, nDevNum[0] nRet[0] 

2025-11-28 21:04:07.712 INFO  [4784] [PCIE_MQ_Init@212] ----------------------PCIE MQ Successful Initialization----------------------

2025-11-28 21:04:07.754 ERROR [4784] [CCommFactory::InitDevice@58] enum devs failed, nDevNum[0] nRet[0] 

2025-11-28 21:05:55.330 INFO  [11564] [PCIE_MQ_Init@212] ----------------------PCIE MQ Successful Initialization----------------------

2025-11-28 21:05:55.346 ERROR [11564] [CCommFactory::InitDevice@58] enum devs failed, nDevNum[0] nRet[0] 

2025-11-28 21:12:24.258 INFO  [824] [PCIE_MQ_Init@212] ----------------------PCIE MQ Successful Initialization----------------------

2025-11-28 21:12:24.258 ERROR [824] [CCommFactory::InitDevice@58] enum devs failed, nDevNum[0] nRet[0] 

2025-11-28 21:26:35.862 INFO  [14960] [PCIE_MQ_Init@212] ----------------------PCIE MQ Successful Initialization----------------------

2025-11-28 21:26:35.882 ERROR [14960] [CCommFactory::InitDevice@58] enum devs failed, nDevNum[0] nRet[0] 

2025-11-28 21:27:44.109 INFO  [16392] [PCIE_MQ_Init@212] ----------------------PCIE MQ Successful Initialization----------------------

2025-11-28 21:27:44.119 ERROR [16392] [CCommFactory::InitDevice@58] enum devs failed, nDevNum[0] nRet[0] 

2025-11-28 21:28:51.491 INFO  [13496] [PCIE_MQ_Init@212] ----------------------PCIE MQ Successful Initialization----------------------

2025-11-28 21:28:51.508 ERROR [13496] [CCommFactory::InitDevice@58] enum devs failed, nDevNum[0] nRet[0] 

2025-12-03 13:50:32.228 INFO  [4252] [PCIE_MQ_Init@212] ----------------------PCIE MQ Successful Initialization----------------------

2025-12-03 13:50:32.228 ERROR [4252] [CCommFactory::InitDevice@58] enum devs failed, nDevNum[0] nRet[0] 

2025-12-03 21:00:47.892 INFO  [2656] [PCIE_MQ_Init@212] ----------------------PCIE MQ Successful Initialization----------------------

2025-12-03 21:00:47.892 ERROR [2656] [CCommFactory::InitDevice@58] enum devs failed, nDevNum[0] nRet[0] 

